[dlssnr] === dlssnr_helper starting ===

[dlssnr] [helper] shm attached: Z:\tmp\dlssnr-1000\shm.bin

[dlssnr] [helper] device: NVIDIA GeForce RTX 4070

[dlssnr] [helper] queue family=0 flags=0xf optical=5

[dlssnr] [helper] mvec gpu compute supported=1

[dlssnr] [helper] flow timestamp query=1 bits=64 period=1.000

[dlssnr] [helper] transport imported: the shared-memory regions are the GPU's buffers

[dlssnr] [helper] context ready, waiting for frames

[dlssnr] [ngx] bin dir: Z:/home/axcxiii/dlss/runtime/binaries

[dlssnr] [ngx] nvngx_dlssnr.dll loaded at 00006FFFF2700000

[dlssnr] [ngx] snippet exports: init=00006FFFF2725050 create=00006FFFF2724A20

[dlssnr] [spoof] GetModuleFileNameW IAT hooked at 00006FFFF27AC080 (module 00006FFFF2700000)

[dlssnr] [ngx] nvapi64.dll load skipped (runner supplies NVAPI)

[dlssnr] [core] nvngx.dll not loadable

[dlssnr] [params] snippet does not export AllocateParameters

[dlssnr] [params] using own NVSDK_NGX_Parameter implementation

[dlssnr] [params] round-trip self-test: PASS (seh=0)

[dlssnr] [params] create contract set: ok (seh=0) flags=0xc hdr=0

[dlssnr] [ngx] VULKAN_Init_Ext(ver=0x14) -> 0x1 seh=0

[dlssnr] [reqs] GetFeatureRequirements -> 0xbad00005 seh=0 ver=0.0 flags=0 minGPU=0 inGPU=0 cs=0.0

[dlssnr] [params] tonemap hint: SDR (featureFlags=0)

[dlssnr] [params] create tuning: preset=0 style=0 intensity=1.00 tone=1.00 structure=1.00 skin=-1.00 automask=1

[dlssnr] [ngx] VULKAN_CreateFeature(18) pass 0 -> 0x1 seh=0 handle=0000000001D5E1A0 size=1920x1080 in 171 ms

[dlssnr] [ngx] STATUS: Feature=18 created=true path=vulkan-snippet size=1920x1080

[dlssnr] [params] MVecScaleX=1.000000 MVecScaleY=1.000000 (seh=0)

[dlssnr] [helper] neural ready 1920x1080

[dlssnr] [params] evaluate contract set: ok (seh=0) UseAutoMask=1 MVecScaleX=1.000000 MVecScaleY=1.000000 depth=bound

[dlssnr] [params] DLSSNR.Reset(slot11) requested=1 readback=1 alias=1 ok=1/1 seh=0

[dlssnr] [param-miss] DLL queried missing key: 'DLSSNR.ControlMaskSubrectBaseX'

[dlssnr] [param-miss] DLL queried missing key: 'DLSSNR.ControlMaskSubrectBaseY'

[dlssnr] [param-miss] DLL queried missing key: 'DLSSNR.ControlMaskSubrectWidth'

[dlssnr] [param-miss] DLL queried missing key: 'DLSSNR.ControlMaskSubrectHeight'

[dlssnr] [param-miss] DLL queried missing key: 'DLSSNR.UISubrectBaseX'

[dlssnr] [param-miss] DLL queried missing key: 'DLSSNR.UISubrectBaseY'

[dlssnr] [param-miss] DLL queried missing key: 'DLSSNR.UISubrectWidth'

[dlssnr] [param-miss] DLL queried missing key: 'DLSSNR.UISubrectHeight'

[dlssnr] [param-miss] DLL queried missing key: 'DLSSNR.UIAlphaSubrectBaseX'

[dlssnr] [param-miss] DLL queried missing key: 'DLSSNR.UIAlphaSubrectBaseY'

[dlssnr] [param-miss] DLL queried missing key: 'DLSSNR.UIAlphaSubrectWidth'

[dlssnr] [param-miss] DLL queried missing key: 'DLSSNR.UIAlphaSubrectHeight'

[dlssnr] [param-miss] DLL queried missing key: 'DLSSNR.BackbufferSubrectBaseX'

[dlssnr] [param-miss] DLL queried missing key: 'DLSSNR.BackbufferSubrectBaseY'

[dlssnr] [param-miss] DLL queried missing key: 'DLSSNR.BackbufferSubrectWidth'

[dlssnr] [param-miss] DLL queried missing key: 'DLSSNR.BackbufferSubrectHeight'

[dlssnr] [param-miss] DLL queried missing key: 'DLSSNR.BidirectionalDistortionFieldSubrectBaseX'

[dlssnr] [param-miss] DLL queried missing key: 'DLSSNR.BidirectionalDistortionFieldSubrectBaseY'

[dlssnr] [param-miss] DLL queried missing key: 'DLSSNR.BidirectionalDistortionFieldSubrectWidth'

[dlssnr] [param-miss] DLL queried missing key: 'DLSSNR.BidirectionalDistortionFieldSubrectHeight'

[dlssnr] [mvec] GPU deadzone pass ready grid=4 flow=480x270 mvec=1920x1080 fixed5=1 deadzone=0.500

[dlssnr] [mvec] NV optical flow enabled size=1920x1080 grid=4 quality=1 input=44 flow=1000464000 dir=1 xfer=1

[dlssnr] [mvec] session grid=4 perf=2 cost=off hints=off flags=0

[dlssnr] [params] DLSSNR.Reset(slot11) requested=1 readback=1 alias=1 ok=1/1 seh=0

[dlssnr] [mvec] first optical-flow pass completed

[dlssnr] [time] passes=1/1 flow=on upload=0.03 eval=10.82 readback=0.38 total=11.23 ms

[dlssnr] [time] flow_gpu=1.16 ms

[dlssnr] [time] passes=1/1 flow=on upload=0.02 eval=9.59 readback=0.37 total=9.98 ms

[dlssnr] [time] flow_gpu=1.19 ms

[dlssnr] [time] passes=1/1 flow=on upload=0.03 eval=10.03 readback=0.71 total=10.76 ms

[dlssnr] [time] flow_gpu=1.11 ms

[dlssnr] [time] passes=1/1 flow=on upload=0.03 eval=9.72 readback=0.75 total=10.50 ms

[dlssnr] [time] flow_gpu=1.09 ms

